// Jest Snapshot v1, https://goo.gl/fbAQLP

exports[`renders as expected 1`] = `
<div>
  <div
    class="countdown"
  >
    <div
      class="text-center me-2 d-inline-block"
    >
      <p
        class="countdown-days-value fs-1 m-0"
      >
        NaN
      </p>
      <p
        class="countdown-days text-muted text-uppercase m-0"
      >
        days
      </p>
    </div>
    <div
      class="text-center me-2 d-inline-block"
    >
      <p
        class="countdown-hours-value fs-1 m-0"
      >
        NaN
      </p>
      <p
        class="countdown-hours text-muted text-uppercase m-0"
      >
        hours
      </p>
    </div>
    <div
      class="text-center me-2 d-inline-block"
    >
      <p
        class="countdown-minutes-value fs-1 m-0"
      >
        NaN
      </p>
      <p
        class="countdown-minutes text-muted text-uppercase m-0"
      >
        minutes
      </p>
    </div>
    <div
      class="text-center d-inline-block"
    >
      <p
        class="countdown-seconds-value fs-1 m-0"
      >
        NaN
      </p>
      <p
        class="countdown-seconds text-muted text-uppercase m-0"
      >
        seconds
      </p>
    </div>
  </div>
</div>
`;
